<!-- twocents plugin info -->
<h1>Twocents 1.2-dev</h1>
<div>
  <h2>System check</h2>
  <p class="xh_fail">PHP version is at least 7.1.0: failure</li>
  <p class="xh_fail">CMSimple_XH version is at least 1.7.0: failure</li>
  <p class="xh_fail">Plib_XH version is at least 1.4: failure</li>
  <p class="xh_warning">'db_folder' is writable: warning</li>
  <p class="xh_warning">'./plugins/twocents/config/' is writable: warning</li>
  <p class="xh_warning">'./plugins/twocents/css/' is writable: warning</li>
  <p class="xh_warning">'./plugins/twocents/languages/' is writable: warning</li>
</div>
