<div class="twocents_container">
<!-- twocents comments -->
<script type="module" src="/plugins/twocents/twocents.js?&amp;v=1.1"></script>
<div class="twocents_comments">
  <div id="twocents_comment_63fba86870945" class="twocents_comment ">
    <div class="twocents_admin_tools">
      <a href="/?Twocents&amp;twocents_id=63fba86870945&amp;twocents_action=edit">Edit</a>
      <form method="post" action="/?Twocents">
        <input type="hidden" name="xh_csrf_token" value="e3c1b42a6098b48a39f9f54ddb3388f7">
        <button type="submit" formaction="/?Twocents&amp;twocents_id=63fba86870945&amp;twocents_action=toggle_visibility" name="twocents_do">Hide</button>
        <button data-confirm='"This comment will be deleted."' formaction="/?Twocents&amp;twocents_id=63fba86870945&amp;twocents_action=delete" name="twocents_do">Delete</button>
      </form>
    </div>
    <div class="twocents_attribution">On 2/26/2023 at 6:44pm cmb wrote:</div>
    <div class="twocents_message">A nice comment</div>
  </div>
  <p class="twocents_new_comment">
    <a href="/?Twocents&amp;twocents_action=create">Write new comment</a>
  </p>
</div>
</div>
