<div class="twocents_container">
<p class="xh_fail">You are not authorized for this operation!</p>
</div>
