<p class="xh_fail">A topicname may only contain letters (a-z), digits (0-9) and minus signs (-)!</p>
