<!-- twocents confirmation -->
<h1>Twocents â€“ Conversion</h1>
<p class="xh_info">Found no topics to convert.</p>
<form method="post">
  <input type="hidden" name="xh_csrf_token" value="e3c1b42a6098b48a39f9f54ddb3388f7">
  <button name="twocents_do" >Convert all comments to HTML</button>
</form>
