<meta name="twocents" content='{"comments_markup":"","label_new":"Write new comment","label_bold":"Bold","label_italic":"Italic","label_link":"Link","label_unlink":"Unlink","message_delete":"This comment will be deleted.","message_link":"Enter the URL to link to:"}'>
