<div class="twocents_container"><!-- twocents pagination -->
<div class="twocents_pagination">
  <span class="twocents_pag_count">20 comments</span>
  <span class="twocents_pag_current">1</span>
  <a class="twocents_button" href="/?Twocents&amp;twocents_page=2">2</a>
  <a class="twocents_button" href="/?Twocents&amp;twocents_page=3">3</a>
  <a class="twocents_button" href="/?Twocents&amp;twocents_page=4">4</a>
  <span class="twocents_pag_ellipsis">…</span>
  <a class="twocents_button" href="/?Twocents&amp;twocents_page=7">7</a>
</div>
<!-- twocents comments -->
<div class="twocents_comments">
  <!-- twocents comment -->
<div id="twocents_comment_1677437048" class="twocents_comment ">
  <div class="twocents_attribution">On 2/26/2023 at 6:44pm cmb wrote:</div>
  <div class="twocents_message">A nice comment</div>
</div>
  <!-- twocents comment -->
<div id="twocents_comment_1677437049" class="twocents_comment ">
  <div class="twocents_attribution">On 2/26/2023 at 6:44pm cmb wrote:</div>
  <div class="twocents_message">A nice comment</div>
</div>
  <!-- twocents comment -->
<div id="twocents_comment_1677437050" class="twocents_comment ">
  <div class="twocents_attribution">On 2/26/2023 at 6:44pm cmb wrote:</div>
  <div class="twocents_message">A nice comment</div>
</div>
    <!-- twocents comment form -->
<form class="twocents_form" method="post" action="/?Twocents&amp;twocents_page=2147483647&amp;twocents_action=create">
  <p class="xh_info">After submission, your comment is awaiting moderation.</p>
  <div>
    <label>
      <span>Name</span>
      <input type="text" name="twocents_user" value="" size="20" required="required">
    </label>
  </div>
  <div>
    <label>
      <span>Email</span>
      <input type="email" name="twocents_email" value="" size="20" required="required">
    </label>
  </div>
  <div>
    <label>
      <span>Comment</span>
      <textarea name="twocents_message" cols="50" rows="8" required="required"></textarea>
    </label>
  </div>
  
<p>This is not a real CAPTCHA</p>  <div class="twocents_form_buttons">
    <button name="twocents_do">Add Comment</button>
    <button type="reset">Reset</button>
  </div>
</form>
</div>
<!-- twocents pagination -->
<div class="twocents_pagination">
  <span class="twocents_pag_count">20 comments</span>
  <span class="twocents_pag_current">1</span>
  <a class="twocents_button" href="/?Twocents&amp;twocents_page=2">2</a>
  <a class="twocents_button" href="/?Twocents&amp;twocents_page=3">3</a>
  <a class="twocents_button" href="/?Twocents&amp;twocents_page=4">4</a>
  <span class="twocents_pag_ellipsis">…</span>
  <a class="twocents_button" href="/?Twocents&amp;twocents_page=7">7</a>
</div>
</div>