<div class="twocents_container">
<div class="twocents_comments">
  
<div id="twocents_comment_63fba86870945" class="twocents_comment ">
  <div class="twocents_attribution">On 2/26/2023 at 6:44pm cmb wrote:</div>
  <div class="twocents_message">A nice comment</div>
</div>
</div>
</div>