<div class="twocents_container">
<p class="xh_fail">The requested comment does not exist!</p>
</div>
