<div class="twocents_container">
<!-- twocents comment -->
<script type="module" src="/plugins/twocents/twocents.js?&amp;v=1.2"></script>
<p class="xh_success">You have posted the following comment.</p>
<div class="twocents_comments">
  <div id="63fba86870945" class="twocents_comment">
    <div class="twocents_attribution">On 2/26/2023 at 6:44pm cmb wrote:</div>
    <div class="twocents_message">A nice comment</div>
  </div>
  <p class="xh_info">Your comment is awaiting moderation.</p>
  <div class="twocents_form_buttons">
    <a href="/?Twocents">Back to overview</a>
  </div>
</div>
</div>
