<!-- twocents administration -->
<h1>Twocents â€“ Conversion</h1>
<form method="get">
  <input type="hidden" name="selected" value="twocents">
  <input type="hidden" name="admin" value="plugin_main">
  <p><button name="twocents_action" value="convert_to_plain_text">Convert all comments to plain text</button></p>
  <p><button name="twocents_action" value="import_comments">Import all comments from the Comments plugin</button></p>
  <p><button name="twocents_action" value="import_gbook">Import all comments from the GBook plugin</button></p>
</form>
