<div class="twocents_container"><!-- twocents comments -->
<div class="twocents_comments">
  <!-- twocents comment -->
<div id="twocents_comment_63fba86870945" class="twocents_comment ">
  <div class="twocents_admin_tools">
    <a href="/?Twocents&amp;twocents_id=63fba86870945">Edit</a>
    <form method="post" action="/?Twocents">
      <input type="hidden" name="xh_csrf_token" value="e3c1b42a6098b48a39f9f54ddb3388f7">
      <input type="hidden" name="twocents_id" value="63fba86870945">
      <button type="submit" name="twocents_action" value="toggle_visibility">Hide</button>
      <button type="submit" name="twocents_action" value="remove_comment">Delete</button>
    </form>
  </div>
  <div class="twocents_attribution">On 2/26/2023 at 6:44pm cmb wrote:</div>
  <div class="twocents_message">I fixed that typo</div>
</div>
    <!-- twocents comment form -->
<form class="twocents_form" method="post" action="/?Twocents&amp;twocents_page=2147483647">
  <input type="hidden" name="twocents_id" value="">
  <div>
    <label>
      <span>Name</span>
      <input type="text" name="twocents_user" value="" size="20" required="required">
    </label>
  </div>
  <div>
    <label>
      <span>Email</span>
      <input type="email" name="twocents_email" value="" size="20" required="required">
    </label>
  </div>
  <div>
    <label>
      <span>Comment</span>
      <textarea name="twocents_message" cols="50" rows="8" required="required"></textarea>
    </label>
  </div>
  
<p>This is not a real CAPTCHA</p>  <div class="twocents_form_buttons">
    <button type="submit" name="twocents_action" value="add_comment">Add Comment</button>
    <button type="reset">Reset</button>
  </div>
</form>
</div>
</div>