
<h1>Twocents â€“ Conversion</h1>
<form action="/?&twocents" method="post">
  <input type="hidden" name="admin" value="plugin_main">
  <input name="xh_csrf_token" value="e3c1b42a6098b48a39f9f54ddb3388f7">
  <p>
    <button type="submit" name="action" value="convert_to_html">Convert all comments to HTML</button>
  </p>
  <p>
    <button type="submit" name="action" value="import_comments">Import all comments from the Comments plugin</button>
  </p>
  <p>
    <button type="submit" name="action" value="import_gbook">Import all comments from the GBook plugin</button>
  </p>
</form>
